// Jest Snapshot v1, https://goo.gl/fbAQLP

exports[`Pruebas en <TodoAdd/> Debe de mostrarse correctamente 1`] = `
<div>
  <form
    onSubmit={[Function]}
  >
    <input
      autoComplete="off"
      name="description"
      onChange={[Function]}
      placeholder="tarea"
      type="text"
      value=""
    />
    <button
      type="submit"
    >
      Agregar
    </button>
  </form>
</div>
`;
